{
  "weeks": [
    {
      "week": 1,
      "topic": "Functions, Operations on Functions, Linear Functions",
      "assignments": [
        "MyOpenMath: Sections 1.1, 1.2, 1.3 (due Fri 08/29)",
        "Blackboard Discussion: Getting Registered & Introductions (due Wed 08/27)"
      ]
    }
  ]
}

